Success: False, Error: Product validation errors, Most Critical Message:
Unknown product name