Success: False, Error: Product validation errors, Most Critical Message:
Bad units of measure